{
    "didDoc": {
        "context": [
            "abc",
            "def"
        ],
        "id": "did:canow:testnet:GR4bwyhJMubXbHvHTGiYnE",
        "controller": [
            "did:canow:testnet:GR4bwyhJMubXbHvHTGiYnE"
        ],
        "verificationMethod": [
            {
                "id": "did:canow:testnet:GR4bwyhJMubXbHvHTGiYnE#key-1",
                "verificationMethodType": "Ed25519VerificationKey2020",
                "controller": "did:canow:testnet:GR4bwyhJMubXbHvHTGiYnE",
                "verificationMaterial": "z6MknmnJvvx4xK3EQQsbBS7DuMvsvKG7wF9GBXFxSVsVmYzV"
            },
            {
                "id": "did:canow:testnet:GR4bwyhJMubXbHvHTGiYnE#key-2",
                "verificationMethodType": "Ed25519VerificationKey2020",
                "controller": "did:canow:testnet:GR4bwyhJMubXbHvHTGiYnE",
                "verificationMaterial": "z6MkotEbRMNwstgbk41M11yEBzSgVSnD5imzmQD83vvZGDur"
            },
            {
                "id": "did:canow:testnet:GR4bwyhJMubXbHvHTGiYnE#key-3",
                "verificationMethodType": "Ed25519VerificationKey2020",
                "controller": "did:canow:testnet:GR4bwyhJMubXbHvHTGiYnE",
                "verificationMaterial": "z6MknTEAYV9n61NZyqZdBF565j8YoXUzpBbvy4frDWtNuiAW"
            },
            {
                "id": "did:canow:testnet:GR4bwyhJMubXbHvHTGiYnE#key-4",
                "verificationMethodType": "Ed25519VerificationKey2020",
                "controller": "did:canow:testnet:GR4bwyhJMubXbHvHTGiYnE",
                "verificationMaterial": "z6Mkjt4a7XEZrZTY2MSL1myF8bfez6szk5BRrHVGEKjVvfWT"
            }
        ],
        "authentication": [
            {
                "verification_method_id": "did:canow:testnet:GR4bwyhJMubXbHvHTGiYnE#key-1"
            },
            {
                "verification_method_id": "did:canow:testnet:GR4bwyhJMubXbHvHTGiYnE#key-2"
            }
        ],
        "assertionMethod": [
            {
                "verification_method_id": "did:canow:testnet:GR4bwyhJMubXbHvHTGiYnE#key-3"
            }
        ],
        "capabilityInvocation": [
            {
                "verification_method_id": "did:canow:testnet:GR4bwyhJMubXbHvHTGiYnE#key-4"
            },
            {
                "verification_method_id": "did:canow:testnet:GR4bwyhJMubXbHvHTGiYnE#key-1"
            }
        ],
        "capabilityDelegation": [
            {
                "verification_method_id": "did:canow:testnet:GR4bwyhJMubXbHvHTGiYnE#key-4"
            },
            {
                "verification_method_id": "did:canow:testnet:GR4bwyhJMubXbHvHTGiYnE#key-2"
            }
        ],
        "keyAgreement": [
            {
                "verification_method_id": "did:canow:testnet:GR4bwyhJMubXbHvHTGiYnE#key-1"
            },
            {
                "verification_method_id": "did:canow:testnet:GR4bwyhJMubXbHvHTGiYnE#key-2"
            },
            {
                "verification_method_id": "did:canow:testnet:GR4bwyhJMubXbHvHTGiYnE#key-3"
            },
            {
                "verification_method_id": "did:canow:testnet:GR4bwyhJMubXbHvHTGiYnE#key-4"
            }
        ],
        "service": [
            {
                "id": "did:canow:testnet:GR4bwyhJMubXbHvHTGiYnE#service-1",
                "serviceType": "type-1",
                "serviceEndpoint": [
                    "endpoint-1"
                ]
            }
        ],
        "alsoKnownAs": [
            "alias-1",
            "alias-2"
        ]
    },
    "metadata": {
        "created": "2021-01-01T00:00:00Z",
        "updated": "2021-01-01T00:00:00Z",
        "deactivated": false,
        "versionId": "75e0cf07-1729-40de-bd88-a4e091eff137",
        "nextVersionId": "",
        "previousVersionId": ""
    }
}