{
    "image": {
        "denom": "zarx",
        "amount": "20000000000"
    },
    "json": {
        "denom": "zarx",
        "amount": "5000000000"
    },
    "default": {
        "denom": "zarx",
        "amount": "10000000000"
    },
    "burn_factor": "0.600000000000000000"
}